// Jest Snapshot v1, https://goo.gl/fbAQLP

exports[`View Parking Slot renders correctly 1`] = `
<View
  style={
    Array [
      Object {
        "flex": 1,
        "width": "100%",
      },
      Object {
        "padding": 20,
      },
    ]
  }
>
  <View
    style={
      Object {
        "flexDirection": "row",
        "marginTop": 10,
      }
    }
  >
    <Text
      style={
        Object {
          "fontWeight": "bold",
        }
      }
    >
      In time: 
    </Text>
    <Text>
      Invalid date
    </Text>
  </View>
  <View
    style={
      Array [
        Object {
          "flexDirection": "row",
          "marginTop": 10,
        },
      ]
    }
  >
    <Text
      style={
        Object {
          "fontWeight": "bold",
        }
      }
    >
      Out time: 
    </Text>
    <Text>
      Invalid date
    </Text>
  </View>
  <View
    style={
      Array [
        Object {
          "flexDirection": "row",
          "marginTop": 10,
        },
      ]
    }
  >
    <Text
      style={
        Object {
          "fontWeight": "bold",
        }
      }
    >
      Difference 
    </Text>
    <Text
      testID="Total-Time"
    >
      1 hour
    </Text>
  </View>
  <View
    style={
      Array [
        Object {
          "borderColor": "black",
          "borderWidth": 1,
          "marginTop": 10,
          "padding": 10,
        },
      ]
    }
  >
    <Text
      style={
        Object {
          "fontWeight": "bold",
        }
      }
    >
      Charge Notes 
    </Text>
    <Text>
      1. First 2 hour $10
    </Text>
    <Text>
      2. $10 will be charged for every consecutive hour then after
    </Text>
  </View>
  <View
    style={
      Array [
        Object {
          "flexDirection": "row",
          "marginTop": 10,
        },
      ]
    }
  >
    <Text
      style={
        Object {
          "fontWeight": "bold",
        }
      }
    >
      Total Amount 
    </Text>
    <Text
      testID="Total-Amount"
    >
      $10
    </Text>
  </View>
  <View
    accessible={true}
    collapsable={false}
    focusable={true}
    onClick={[Function]}
    onResponderGrant={[Function]}
    onResponderMove={[Function]}
    onResponderRelease={[Function]}
    onResponderTerminate={[Function]}
    onResponderTerminationRequest={[Function]}
    onStartShouldSetResponder={[Function]}
    style={
      Object {
        "backgroundColor": "#000",
        "opacity": 1,
        "paddingHorizontal": 8,
        "paddingVertical": 10,
      }
    }
    testID="Pay-Button"
  >
    <Text
      style={
        Object {
          "color": "#fff",
          "textAlign": "center",
        }
      }
    >
      Pay
    </Text>
  </View>
</View>
`;
